<?xml version="1.0" encoding="utf-8"?><testsuites name="pytest tests"><testsuite name="pytest" errors="0" failures="0" skipped="0" tests="35" time="8.513" timestamp="2026-10-02T14:27:58.970267+00:00" hostname="runnervm8df0l"><testcase classname="tests.defect_triage.test_triage_mapping" name="test_demo_bundle_has_expected_root_cause_mix" time="0.115" /><testcase classname="tests.functional.test_metrics_snapshot" name="test_metrics_snapshot_generation" time="0.684" /><testcase classname="tests.functional.test_schema_and_business" name="test_schema_validation_passes_for_canonical_data[leads]" time="0.023" /><testcase classname="tests.functional.test_schema_and_business" name="test_schema_validation_passes_for_canonical_data[accounts]" time="0.007" /><testcase classname="tests.functional.test_schema_and_business" name="test_schema_validation_passes_for_canonical_data[opportunities]" time="0.007" /><testcase classname="tests.functional.test_schema_and_business" name="test_schema_validation_passes_for_canonical_data[activities]" time="0.006" /><testcase classname="tests.functional.test_schema_and_business" name="test_schema_validation_passes_for_canonical_data[owners]" time="0.006" /><testcase classname="tests.functional.test_schema_and_business" name="test_pipeline_status_for_good_bundle" time="0.585" /><testcase classname="tests.functional.test_schema_and_business" name="test_great_expectations_checkpoint_runs_for_crm_bundle" time="4.812" /><testcase classname="tests.regression.test_regression_scenarios" name="test_regression_bundle_triggers_expected_rules[duplicate-lead-email-Blocked-expected_rules0]" time="0.086" /><testcase classname="tests.regression.test_regression_scenarios" name="test_regression_bundle_triggers_expected_rules[duplicate-account-domain-Blocked-expected_rules1]" time="0.084" /><testcase classname="tests.regression.test_regression_scenarios" name="test_regression_bundle_triggers_expected_rules[email-multiple-accounts-Blocked-expected_rules2]" time="0.084" /><testcase classname="tests.regression.test_regression_scenarios" name="test_regression_bundle_triggers_expected_rules[missing-owner-reference-Blocked-expected_rules3]" time="0.090" /><testcase classname="tests.regression.test_regression_scenarios" name="test_regression_bundle_triggers_expected_rules[inactive-owner-open-opportunity-Blocked-expected_rules4]" time="0.083" /><testcase classname="tests.regression.test_regression_scenarios" name="test_regression_bundle_triggers_expected_rules[missing-employee-count-enterprise-Warning only-expected_rules5]" time="0.083" /><testcase classname="tests.regression.test_regression_scenarios" name="test_regression_bundle_triggers_expected_rules[missing-next-step-Warning only-expected_rules6]" time="0.082" /><testcase classname="tests.regression.test_regression_scenarios" name="test_regression_bundle_triggers_expected_rules[stale-opportunity-stage-Warning only-expected_rules7]" time="0.083" /><testcase classname="tests.regression.test_regression_scenarios" name="test_regression_bundle_triggers_expected_rules[lead-account-domain-mismatch-Warning only-expected_rules8]" time="0.082" /><testcase classname="tests.smoke.test_environment" name="test_schema_and_rules_import_cleanly" time="0.000" /><testcase classname="tests.smoke.test_environment" name="test_good_files_are_discoverable" time="0.000" /><testcase classname="tests.smoke.test_environment" name="test_checkpoint_references_crm_expectation_suites" time="0.000" /><testcase classname="tests.uat.test_release_decision" name="test_demo_artifacts_show_before_blocked_and_after_ready" time="0.275" /><testcase classname="tests.unit.test_business_rules" name="test_same_email_multiple_accounts_detects_conflict" time="0.004" /><testcase classname="tests.unit.test_business_rules" name="test_activity_reference_detects_missing_object" time="0.008" /><testcase classname="tests.unit.test_business_rules" name="test_inactive_owner_on_open_opportunity_blocks" time="0.004" /><testcase classname="tests.unit.test_business_rules" name="test_recent_touch_and_stale_stage_use_explicit_reference_time" time="0.012" /><testcase classname="tests.unit.test_pipeline" name="test_pipeline_ready_for_canonical_bundle" time="0.537" /><testcase classname="tests.unit.test_pipeline" name="test_pipeline_honors_extra_business_checks" time="0.082" /><testcase classname="tests.unit.test_reporting" name="test_release_report_ready_when_all_rules_pass" time="0.000" /><testcase classname="tests.unit.test_reporting" name="test_release_report_warns_on_non_critical_defects" time="0.000" /><testcase classname="tests.unit.test_reporting" name="test_release_report_blocks_on_first_critical_reason" time="0.000" /><testcase classname="tests.unit.test_schema_rules" name="test_required_columns_failure_reports_missing_entries" time="0.001" /><testcase classname="tests.unit.test_schema_rules" name="test_detect_duplicates_marks_repeated_rows" time="0.003" /><testcase classname="tests.unit.test_schema_rules" name="test_normalize_dataframe_dtypes_emits_issues_for_bad_values" time="0.004" /><testcase classname="tests.unit.test_schema_rules" name="test_apply_schema_definition_catches_duplicate_lead_email" time="0.012" /></testsuite></testsuites>